MySQL Shell 8.0.12

Copyright (c) 2016, 2018, Oracle and/or its affiliates. All rights reserved.

Oracle is a registered trademark of Oracle Corporation and/or its
affiliates. Other names may be trademarks of their respective
owners.

Type '\help' or '\?' for help; '\quit' to exit.


 MySQL  JS > \sql
Switching to SQL mode... Commands end with ;

 MySQL  SQL > \connect -c root@localhost
The -c option is deprecated, please use --mysql or -mc instead
Creating a Classic session to 'root@localhost'
Please provide the password for 'root@localhost': ****
Save password for 'root@localhost:3306'? [Y]es/[N]o/Ne[v]er (default No): y
Fetching schema names for autocompletion... Press ^C to stop.
Your MySQL connection id is 1
Server version: 5.5.61 MySQL Community Server (GPL)
No default schema selected; type \use <schema> to set one.

 MySQL  localhost:3306  SQL > select user from mysql.user;
+------+
| user |
+------+
| root |
+------+
1 row in set (0.0865 sec)

 MySQL  localhost:3306  SQL > create user 'total_user'@'localhost' identified by '123456';
Query OK, 0 rows affected (0.2017 sec)

 MySQL  localhost:3306  SQL > select user from mysql.user;
+------------+
| user       |
+------------+
| root       |
| total_user |
+------------+
2 rows in set (0.0009 sec)

 MySQL  localhost:3306  SQL > \connect -c total_user@localhost
The -c option is deprecated, please use --mysql or -mc instead
Creating a Classic session to 'total_user@localhost'
Please provide the password for 'total_user@localhost': ******
Save password for 'total_user@localhost:3306'? [Y]es/[N]o/Ne[v]er (default No): y
Fetching schema names for autocompletion... Press ^C to stop.
Closing old connection...
Your MySQL connection id is 2
Server version: 5.5.61 MySQL Community Server (GPL)
No default schema selected; type \use <schema> to set one.

 MySQL  localhost:3306  SQL > show databases;
+--------------------+
| Database           |
+--------------------+
| information_schema |
+--------------------+
1 row in set (0.0005 sec)

 MySQL  localhost:3306  SQL > \connect -c root@localhost
The -c option is deprecated, please use --mysql or -mc instead
Creating a Classic session to 'root@localhost'
Please provide the password for 'root@localhost': ****
Save password for 'root@localhost:3306'? [Y]es/[N]o/Ne[v]er (default No): y
Fetching schema names for autocompletion... Press ^C to stop.
Closing old connection...
Your MySQL connection id is 3
Server version: 5.5.61 MySQL Community Server (GPL)
No default schema selected; type \use <schema> to set one.

 MySQL  localhost:3306  SQL > set password for 'total_user'@'localhost' = '666tnotb';
ERROR: 1372 (HY000): Password hash should be a 41-digit hexadecimal number

 MySQL  localhost:3306  SQL > set password for 'total_user'@'localhost'='123abc';
ERROR: 1372 (HY000): Password hash should be a 41-digit hexadecimal number

 MySQL  localhost:3306  SQL > set password for 'total_user'@'localhost'='123';
ERROR: 1372 (HY000): Password hash should be a 41-digit hexadecimal number

 MySQL  localhost:3306  SQL > alter user 'total_user'@'localhost' identified by '666tnotb';
ERROR: 1064 (42000): You have an error in your SQL syntax; check the manual that corresponds to your MySQL server version for the right syntax to use near 'user 'total_user'@'localhost' identified by '666tnotb'' at line 1

 MySQL  localhost:3306  SQL > alter user 'total_user'@'localhost' identified by '666tnotb.';
ERROR: 1064 (42000): You have an error in your SQL syntax; check the manual that corresponds to your MySQL server version for the right syntax to use near 'user 'total_user'@'localhost' identified by '666tnotb.'' at line 1

 MySQL  localhost:3306  SQL > select version();
+-----------+
| version() |
+-----------+
| 5.5.61    |
+-----------+
1 row in set (0.0263 sec)

 MySQL  localhost:3306  SQL > set passwors for 'total_user'@'localhost' = password('666tnotb');
ERROR: 1193 (HY000): Unknown system variable 'passwors'

 MySQL  localhost:3306  SQL > set password for 'total_user'@'localhost'=password('666tnotb');
Query OK, 0 rows affected (0.0183 sec)

 MySQL  localhost:3306  SQL > show databases;
+--------------------+
| Database           |
+--------------------+
| information_schema |
| mysql              |
| performance_schema |
| test               |
+--------------------+
4 rows in set (0.0009 sec)

 MySQL  localhost:3306  SQL > \create database evaluacion1;
ERROR: 1064 (42000): You have an error in your SQL syntax; check the manual that corresponds to your MySQL server version for the right syntax to use near '\create database evaluacion1' at line 1

 MySQL  localhost:3306  SQL > create database evaluacion1
                          ... ;
Query OK, 1 row affected (0.0246 sec)

 MySQL  localhost:3306  SQL > show databases;
+--------------------+
| Database           |
+--------------------+
| information_schema |
| evaluacion1        |
| mysql              |
| performance_schema |
| test               |
+--------------------+
5 rows in set (0.0009 sec)

 MySQL  localhost:3306  SQL > grant all on evaluacion1.* to 'total_user'@'localhost';
Query OK, 0 rows affected (0.0351 sec)

 MySQL  localhost:3306  SQL > \connect -c total_user@localhost
The -c option is deprecated, please use --mysql or -mc instead
Creating a Classic session to 'total_user@localhost'
Please provide the password for 'total_user@localhost': ********
Save password for 'total_user@localhost:3306'? [Y]es/[N]o/Ne[v]er (default No): y
Fetching schema names for autocompletion... Press ^C to stop.
Closing old connection...
Your MySQL connection id is 4
Server version: 5.5.61 MySQL Community Server (GPL)
No default schema selected; type \use <schema> to set one.

 MySQL  localhost:3306  SQL > show databases;
+--------------------+
| Database           |
+--------------------+
| information_schema |
| evaluacion1        |
+--------------------+
2 rows in set (0.0006 sec)

 MySQL  localhost:3306  SQL > \connect -c root@localhost
The -c option is deprecated, please use --mysql or -mc instead
Creating a Classic session to 'root@localhost'
Please provide the password for 'root@localhost': ****
Save password for 'root@localhost:3306'? [Y]es/[N]o/Ne[v]er (default No): y
Fetching schema names for autocompletion... Press ^C to stop.
Closing old connection...
Your MySQL connection id is 5
Server version: 5.5.61 MySQL Community Server (GPL)
No default schema selected; type \use <schema> to set one.

 MySQL  localhost:3306  SQL > create user 'solo_tablas'@'localhost' identified by '1234';
Query OK, 0 rows affected (0.0029 sec)

 MySQL  localhost:3306  SQL > grant all on evaluacion1.* to 'solo_tablas'@'localhost';
Query OK, 0 rows affected (0.0010 sec)

 MySQL  localhost:3306  SQL > \connect -c solo_tablas@localhost
The -c option is deprecated, please use --mysql or -mc instead
Creating a Classic session to 'solo_tablas@localhost'
Please provide the password for 'solo_tablas@localhost': ****
Save password for 'solo_tablas@localhost:3306'? [Y]es/[N]o/Ne[v]er (default No): y
Fetching schema names for autocompletion... Press ^C to stop.
Closing old connection...
Your MySQL connection id is 6
Server version: 5.5.61 MySQL Community Server (GPL)
No default schema selected; type \use <schema> to set one.

 MySQL  localhost:3306  SQL > show tables;
ERROR: 1046 (3D000): No database selected

 MySQL  localhost:3306  SQL > show databases;
+--------------------+
| Database           |
+--------------------+
| information_schema |
| evaluacion1        |
+--------------------+
2 rows in set (0.0006 sec)

 MySQL  localhost:3306  SQL > \use evaluacion1
Default schema set to `evaluacion1`.
Fetching table and column names from `evaluacion1` for auto-completion... Press ^C to stop.

 MySQL  localhost:3306  evaluacion1  SQL > show tables;
Empty set (0.0005 sec)

 MySQL  localhost:3306  evaluacion1  SQL > \connect -c root@localhost
The -c option is deprecated, please use --mysql or -mc instead
Creating a Classic session to 'root@localhost'
Please provide the password for 'root@localhost': ****
Save password for 'root@localhost:3306'? [Y]es/[N]o/Ne[v]er (default No): y
Fetching schema names for autocompletion... Press ^C to stop.
Closing old connection...
Your MySQL connection id is 7
Server version: 5.5.61 MySQL Community Server (GPL)
No default schema selected; type \use <schema> to set one.

 MySQL  localhost:3306  SQL > create user 'solo_select'@'localhost' identified by '1234';
Query OK, 0 rows affected (0.0004 sec)

 MySQL  localhost:3306  SQL > grant select on evaluacion1.* to 'solo_select'@'localhost;
                          ... '
                          ... ;
ERROR: 1133 (42000): Can't find any matching row in the user table

 MySQL  localhost:3306  SQL > grant select on evaluacion1.* to 'solo_select'@'localhost';
Query OK, 0 rows affected (0.0005 sec)

 MySQL  localhost:3306  SQL >